2026-05-22 14:11:14,220 [INFO] Health check endpoint queried
2026-05-22 14:11:14,226 [INFO] Metrics endpoint queried
2026-05-22 14:11:14,232 [INFO] Containers status endpoint queried
2026-05-22 14:11:14,878 [INFO] Deployment info endpoint queried
2026-05-22 14:11:14,882 [INFO] Logs endpoint queried
2026-05-22 14:12:14,307 [INFO] Health check endpoint queried
2026-05-22 14:12:14,311 [INFO] Metrics endpoint queried
2026-05-22 14:12:14,316 [INFO] Containers status endpoint queried
2026-05-22 14:12:14,937 [INFO] Deployment info endpoint queried
2026-05-22 14:12:14,941 [INFO] Logs endpoint queried
2026-05-22 14:13:06,116 [INFO] Health check endpoint queried
2026-05-22 14:13:06,123 [INFO] Metrics endpoint queried
2026-05-22 14:13:06,130 [INFO] Containers status endpoint queried
2026-05-22 14:13:06,765 [INFO] Deployment info endpoint queried
2026-05-22 14:13:06,768 [INFO] Logs endpoint queried
2026-05-22 14:13:08,880 [INFO] Health check endpoint queried
2026-05-22 14:13:08,883 [INFO] Metrics endpoint queried
2026-05-22 14:13:08,887 [INFO] Containers status endpoint queried
2026-05-22 14:13:09,504 [INFO] Deployment info endpoint queried
2026-05-22 14:13:09,507 [INFO] Logs endpoint queried
2026-05-22 14:29:25,442 [INFO] Health check endpoint queried
2026-05-22 14:29:25,446 [INFO] Health check endpoint queried
2026-05-22 14:29:25,593 [INFO] Metrics endpoint queried
2026-05-22 14:29:25,596 [INFO] Metrics endpoint queried
2026-05-22 14:29:25,614 [INFO] Containers status endpoint queried
2026-05-22 14:29:26,249 [INFO] Containers status endpoint queried
2026-05-22 14:29:26,330 [INFO] Deployment info endpoint queried
2026-05-22 14:29:26,335 [INFO] Logs endpoint queried
2026-05-22 14:29:26,933 [INFO] Deployment info endpoint queried
2026-05-22 14:29:26,939 [INFO] Logs endpoint queried
2026-05-22 14:29:30,254 [INFO] Health check endpoint queried
2026-05-22 14:29:30,258 [INFO] Metrics endpoint queried
2026-05-22 14:29:30,264 [INFO] Containers status endpoint queried
2026-05-22 14:29:30,870 [INFO] Deployment info endpoint queried
2026-05-22 14:29:30,873 [INFO] Logs endpoint queried
2026-05-22 14:29:35,069 [INFO] Health check endpoint queried
2026-05-22 14:29:35,073 [INFO] Metrics endpoint queried
2026-05-22 14:29:35,079 [INFO] Containers status endpoint queried
2026-05-22 14:29:35,783 [INFO] Deployment info endpoint queried
2026-05-22 14:29:35,786 [INFO] Logs endpoint queried
2026-05-22 14:29:39,869 [INFO] Health check endpoint queried
2026-05-22 14:29:39,872 [INFO] Metrics endpoint queried
2026-05-22 14:29:39,876 [INFO] Containers status endpoint queried
2026-05-22 14:29:40,490 [INFO] Deployment info endpoint queried
2026-05-22 14:29:40,494 [INFO] Logs endpoint queried
2026-05-22 14:29:44,665 [INFO] Health check endpoint queried
2026-05-22 14:29:44,669 [INFO] Metrics endpoint queried
2026-05-22 14:29:44,674 [INFO] Containers status endpoint queried
2026-05-22 14:29:45,337 [INFO] Deployment info endpoint queried
2026-05-22 14:29:45,340 [INFO] Logs endpoint queried
2026-05-22 14:29:49,468 [INFO] Health check endpoint queried
2026-05-22 14:29:49,472 [INFO] Metrics endpoint queried
2026-05-22 14:29:49,476 [INFO] Containers status endpoint queried
2026-05-22 14:29:50,111 [INFO] Deployment info endpoint queried
2026-05-22 14:29:50,118 [INFO] Logs endpoint queried
2026-05-22 14:29:55,499 [INFO] Health check endpoint queried
2026-05-22 14:29:55,503 [INFO] Metrics endpoint queried
2026-05-22 14:29:55,507 [INFO] Containers status endpoint queried
2026-05-22 14:29:56,128 [INFO] Deployment info endpoint queried
2026-05-22 14:29:56,131 [INFO] Logs endpoint queried
2026-05-22 14:30:00,310 [INFO] Health check endpoint queried
2026-05-22 14:30:00,313 [INFO] Metrics endpoint queried
2026-05-22 14:30:00,317 [INFO] Containers status endpoint queried
2026-05-22 14:30:00,920 [INFO] Deployment info endpoint queried
2026-05-22 14:30:00,924 [INFO] Logs endpoint queried
2026-05-22 14:30:05,115 [INFO] Health check endpoint queried
2026-05-22 14:30:05,118 [INFO] Metrics endpoint queried
2026-05-22 14:30:05,122 [INFO] Containers status endpoint queried
2026-05-22 14:30:05,779 [INFO] Deployment info endpoint queried
2026-05-22 14:30:05,783 [INFO] Logs endpoint queried
2026-05-22 14:30:09,923 [INFO] Health check endpoint queried
2026-05-22 14:30:09,926 [INFO] Metrics endpoint queried
2026-05-22 14:30:09,930 [INFO] Containers status endpoint queried
2026-05-22 14:30:10,541 [INFO] Deployment info endpoint queried
2026-05-22 14:30:10,545 [INFO] Logs endpoint queried
2026-05-22 14:30:15,471 [INFO] Health check endpoint queried
2026-05-22 14:30:15,475 [INFO] Metrics endpoint queried
2026-05-22 14:30:15,479 [INFO] Containers status endpoint queried
2026-05-22 14:30:16,096 [INFO] Deployment info endpoint queried
2026-05-22 14:30:16,100 [INFO] Logs endpoint queried
2026-05-22 14:30:19,519 [INFO] Health check endpoint queried
2026-05-22 14:30:19,523 [INFO] Metrics endpoint queried
2026-05-22 14:30:19,527 [INFO] Containers status endpoint queried
2026-05-22 14:30:20,170 [INFO] Deployment info endpoint queried
2026-05-22 14:30:20,174 [INFO] Logs endpoint queried
2026-05-22 14:30:25,568 [INFO] Health check endpoint queried
2026-05-22 14:30:25,571 [INFO] Metrics endpoint queried
2026-05-22 14:30:25,575 [INFO] Containers status endpoint queried
2026-05-22 14:30:26,210 [INFO] Deployment info endpoint queried
2026-05-22 14:30:26,214 [INFO] Logs endpoint queried
2026-05-22 14:30:31,135 [INFO] Health check endpoint queried
2026-05-22 14:30:31,138 [INFO] Metrics endpoint queried
2026-05-22 14:30:31,143 [INFO] Containers status endpoint queried
2026-05-22 14:30:31,760 [INFO] Deployment info endpoint queried
2026-05-22 14:30:31,763 [INFO] Logs endpoint queried
2026-05-22 14:30:35,932 [INFO] Health check endpoint queried
2026-05-22 14:30:35,936 [INFO] Metrics endpoint queried
2026-05-22 14:30:35,940 [INFO] Containers status endpoint queried
2026-05-22 14:30:36,541 [INFO] Deployment info endpoint queried
2026-05-22 14:30:36,545 [INFO] Logs endpoint queried
2026-05-22 14:30:40,740 [INFO] Health check endpoint queried
2026-05-22 14:30:40,743 [INFO] Metrics endpoint queried
2026-05-22 14:30:40,747 [INFO] Containers status endpoint queried
2026-05-22 14:30:41,367 [INFO] Deployment info endpoint queried
2026-05-22 14:30:41,371 [INFO] Logs endpoint queried
2026-05-22 14:30:45,551 [INFO] Health check endpoint queried
2026-05-22 14:30:45,555 [INFO] Metrics endpoint queried
2026-05-22 14:30:45,559 [INFO] Containers status endpoint queried
2026-05-22 14:30:46,172 [INFO] Deployment info endpoint queried
2026-05-22 14:30:46,176 [INFO] Logs endpoint queried
2026-05-22 14:30:50,355 [INFO] Health check endpoint queried
2026-05-22 14:30:50,358 [INFO] Metrics endpoint queried
2026-05-22 14:30:50,362 [INFO] Containers status endpoint queried
2026-05-22 14:30:50,991 [INFO] Deployment info endpoint queried
2026-05-22 14:30:50,994 [INFO] Logs endpoint queried
2026-05-22 14:30:56,311 [INFO] Health check endpoint queried
2026-05-22 14:30:56,315 [INFO] Metrics endpoint queried
2026-05-22 14:30:56,320 [INFO] Containers status endpoint queried
2026-05-22 14:30:56,959 [INFO] Deployment info endpoint queried
2026-05-22 14:30:56,963 [INFO] Logs endpoint queried
2026-05-22 14:31:01,124 [INFO] Health check endpoint queried
2026-05-22 14:31:01,127 [INFO] Metrics endpoint queried
2026-05-22 14:31:01,131 [INFO] Containers status endpoint queried
2026-05-22 14:31:01,723 [INFO] Deployment info endpoint queried
2026-05-22 14:31:01,727 [INFO] Logs endpoint queried
2026-05-22 14:31:05,931 [INFO] Health check endpoint queried
2026-05-22 14:31:05,935 [INFO] Metrics endpoint queried
2026-05-22 14:31:05,939 [INFO] Containers status endpoint queried
2026-05-22 14:31:06,538 [INFO] Deployment info endpoint queried
2026-05-22 14:31:06,542 [INFO] Logs endpoint queried
2026-05-22 14:31:10,735 [INFO] Health check endpoint queried
2026-05-22 14:31:10,739 [INFO] Metrics endpoint queried
2026-05-22 14:31:10,742 [INFO] Containers status endpoint queried
2026-05-22 14:31:11,365 [INFO] Deployment info endpoint queried
2026-05-22 14:31:11,369 [INFO] Logs endpoint queried
2026-05-22 14:31:15,536 [INFO] Health check endpoint queried
2026-05-22 14:31:15,539 [INFO] Metrics endpoint queried
2026-05-22 14:31:15,543 [INFO] Containers status endpoint queried
2026-05-22 14:31:16,170 [INFO] Deployment info endpoint queried
2026-05-22 14:31:16,173 [INFO] Logs endpoint queried
2026-05-22 14:31:20,337 [INFO] Health check endpoint queried
2026-05-22 14:31:20,341 [INFO] Metrics endpoint queried
2026-05-22 14:31:20,346 [INFO] Containers status endpoint queried
2026-05-22 14:31:20,986 [INFO] Deployment info endpoint queried
2026-05-22 14:31:20,990 [INFO] Logs endpoint queried
2026-05-22 14:31:25,149 [INFO] Health check endpoint queried
2026-05-22 14:31:25,152 [INFO] Metrics endpoint queried
2026-05-22 14:31:25,157 [INFO] Containers status endpoint queried
2026-05-22 14:31:27,080 [INFO] Deployment info endpoint queried
2026-05-22 14:31:27,084 [INFO] Logs endpoint queried
2026-05-22 14:32:13,762 [INFO] Health check endpoint queried
2026-05-22 14:32:13,766 [INFO] Metrics endpoint queried
2026-05-22 14:32:13,771 [INFO] Containers status endpoint queried
2026-05-22 14:32:14,388 [INFO] Deployment info endpoint queried
2026-05-22 14:32:14,392 [INFO] Logs endpoint queried
2026-05-22 14:33:13,889 [INFO] Health check endpoint queried
2026-05-22 14:33:13,895 [INFO] Metrics endpoint queried
2026-05-22 14:33:13,899 [INFO] Containers status endpoint queried
2026-05-22 14:33:14,525 [INFO] Deployment info endpoint queried
2026-05-22 14:33:14,529 [INFO] Logs endpoint queried
2026-05-22 14:34:13,955 [INFO] Health check endpoint queried
2026-05-22 14:34:13,961 [INFO] Metrics endpoint queried
2026-05-22 14:34:13,966 [INFO] Containers status endpoint queried
2026-05-22 14:34:14,560 [INFO] Deployment info endpoint queried
2026-05-22 14:34:14,564 [INFO] Logs endpoint queried
2026-05-22 14:35:14,145 [INFO] Health check endpoint queried
2026-05-22 14:35:14,152 [INFO] Metrics endpoint queried
2026-05-22 14:35:14,158 [INFO] Containers status endpoint queried
2026-05-22 14:35:14,806 [INFO] Deployment info endpoint queried
2026-05-22 14:35:14,810 [INFO] Logs endpoint queried
2026-05-23 06:28:50,284 [INFO] Health check endpoint queried
2026-05-23 06:33:57,623 [INFO] Health check endpoint queried
2026-05-23 06:42:11,051 [INFO] Health check endpoint queried
2026-05-23 06:57:36,018 [INFO] Health check endpoint queried
2026-05-23 10:20:11,139 [INFO] Health check endpoint queried
2026-05-23 10:20:11,482 [INFO] Metrics endpoint queried
2026-05-23 10:20:11,600 [INFO] Containers status endpoint queried
2026-05-23 10:20:11,896 [INFO] Deployment info endpoint queried
2026-05-23 10:20:11,934 [INFO] Logs endpoint queried
2026-05-23 10:20:22,602 [INFO] Health check endpoint queried
2026-05-23 10:20:22,678 [INFO] Metrics endpoint queried
2026-05-23 10:20:22,790 [INFO] Containers status endpoint queried
2026-05-23 10:20:23,054 [INFO] Deployment info endpoint queried
2026-05-23 10:20:23,081 [INFO] Logs endpoint queried
2026-05-23 10:20:25,544 [INFO] Health check endpoint queried
2026-05-23 10:20:25,632 [INFO] Metrics endpoint queried
2026-05-23 10:20:25,676 [INFO] Containers status endpoint queried
2026-05-23 10:20:25,989 [INFO] Deployment info endpoint queried
2026-05-23 10:20:26,016 [INFO] Logs endpoint queried
2026-05-23 10:20:27,273 [INFO] Health check endpoint queried
2026-05-23 10:20:27,332 [INFO] Metrics endpoint queried
2026-05-23 10:20:27,375 [INFO] Containers status endpoint queried
2026-05-23 10:20:27,644 [INFO] Deployment info endpoint queried
2026-05-23 10:20:27,674 [INFO] Logs endpoint queried
2026-05-23 10:20:28,654 [INFO] Health check endpoint queried
2026-05-23 10:20:28,808 [INFO] Metrics endpoint queried
2026-05-23 10:20:28,839 [INFO] Containers status endpoint queried
2026-05-23 10:20:29,118 [INFO] Deployment info endpoint queried
2026-05-23 10:20:29,145 [INFO] Logs endpoint queried
2026-05-23 10:21:09,932 [INFO] Health check endpoint queried
2026-05-23 10:21:10,427 [INFO] Metrics endpoint queried
2026-05-23 10:21:10,482 [INFO] Containers status endpoint queried
2026-05-23 10:21:10,785 [INFO] Deployment info endpoint queried
2026-05-23 10:21:10,812 [INFO] Logs endpoint queried
2026-05-23 10:29:50,890 [INFO] Health check endpoint queried
2026-05-23 10:29:51,034 [INFO] Metrics endpoint queried
2026-05-23 10:29:51,081 [INFO] Containers status endpoint queried
2026-05-23 10:29:51,452 [INFO] Deployment info endpoint queried
2026-05-23 10:29:51,502 [INFO] Logs endpoint queried
2026-05-23 10:30:03,049 [INFO] Health check endpoint queried
2026-05-23 10:30:03,121 [INFO] Metrics endpoint queried
2026-05-23 10:30:03,218 [INFO] Containers status endpoint queried
2026-05-23 10:30:03,482 [INFO] Deployment info endpoint queried
2026-05-23 10:30:03,512 [INFO] Logs endpoint queried
2026-05-23 10:30:09,561 [INFO] Health check endpoint queried
2026-05-23 10:30:09,598 [INFO] Metrics endpoint queried
2026-05-23 10:30:09,631 [INFO] Containers status endpoint queried
2026-05-23 10:30:09,935 [INFO] Deployment info endpoint queried
2026-05-23 10:30:09,960 [INFO] Logs endpoint queried
2026-05-23 10:30:24,371 [INFO] Health check endpoint queried
2026-05-23 10:30:24,405 [INFO] Metrics endpoint queried
2026-05-23 10:30:24,433 [INFO] Containers status endpoint queried
2026-05-23 10:30:24,729 [INFO] Deployment info endpoint queried
2026-05-23 10:30:24,755 [INFO] Logs endpoint queried
2026-05-23 10:30:25,769 [INFO] Health check endpoint queried
2026-05-23 10:30:25,810 [INFO] Metrics endpoint queried
2026-05-23 10:30:25,845 [INFO] Containers status endpoint queried
2026-05-23 10:30:26,124 [INFO] Deployment info endpoint queried
2026-05-23 10:30:26,154 [INFO] Logs endpoint queried
2026-05-23 10:30:27,296 [INFO] Health check endpoint queried
2026-05-23 10:30:27,339 [INFO] Metrics endpoint queried
2026-05-23 10:30:27,366 [INFO] Containers status endpoint queried
2026-05-23 10:30:27,685 [INFO] Deployment info endpoint queried
2026-05-23 10:30:27,712 [INFO] Logs endpoint queried
2026-05-23 10:30:28,836 [INFO] Health check endpoint queried
2026-05-23 10:30:28,872 [INFO] Metrics endpoint queried
2026-05-23 10:30:28,933 [INFO] Containers status endpoint queried
2026-05-23 10:30:29,196 [INFO] Deployment info endpoint queried
2026-05-23 10:30:29,263 [INFO] Logs endpoint queried
2026-05-23 10:33:26,071 [INFO] Health check endpoint queried
2026-05-23 10:33:26,276 [INFO] Metrics endpoint queried
2026-05-23 10:33:26,339 [INFO] Containers status endpoint queried
2026-05-23 10:33:26,598 [INFO] Deployment info endpoint queried
2026-05-23 10:33:26,628 [INFO] Logs endpoint queried
2026-05-23 10:33:31,076 [INFO] Health check endpoint queried
2026-05-23 10:33:31,101 [INFO] Metrics endpoint queried
2026-05-23 10:33:31,127 [INFO] Containers status endpoint queried
2026-05-23 10:33:31,411 [INFO] Deployment info endpoint queried
2026-05-23 10:33:31,437 [INFO] Logs endpoint queried
2026-05-23 10:33:36,072 [INFO] Health check endpoint queried
2026-05-23 10:33:36,097 [INFO] Metrics endpoint queried
2026-05-23 10:33:36,123 [INFO] Containers status endpoint queried
2026-05-23 10:33:36,444 [INFO] Deployment info endpoint queried
2026-05-23 10:33:36,470 [INFO] Logs endpoint queried
2026-05-23 10:33:41,073 [INFO] Health check endpoint queried
2026-05-23 10:33:41,100 [INFO] Metrics endpoint queried
2026-05-23 10:33:41,128 [INFO] Containers status endpoint queried
2026-05-23 10:33:41,395 [INFO] Deployment info endpoint queried
2026-05-23 10:33:41,422 [INFO] Logs endpoint queried
2026-05-23 10:33:46,073 [INFO] Health check endpoint queried
2026-05-23 10:33:46,154 [INFO] Metrics endpoint queried
2026-05-23 10:33:46,406 [INFO] Containers status endpoint queried
2026-05-23 10:33:46,666 [INFO] Deployment info endpoint queried
2026-05-23 10:33:46,731 [INFO] Logs endpoint queried
2026-05-23 10:33:51,074 [INFO] Health check endpoint queried
2026-05-23 10:33:51,123 [INFO] Metrics endpoint queried
2026-05-23 10:33:51,149 [INFO] Containers status endpoint queried
2026-05-23 10:33:51,434 [INFO] Deployment info endpoint queried
2026-05-23 10:33:51,518 [INFO] Logs endpoint queried
2026-05-23 10:33:56,077 [INFO] Health check endpoint queried
2026-05-23 10:33:56,104 [INFO] Metrics endpoint queried
2026-05-23 10:33:56,201 [INFO] Containers status endpoint queried
2026-05-23 10:33:56,485 [INFO] Deployment info endpoint queried
2026-05-23 10:33:56,544 [INFO] Logs endpoint queried
2026-05-23 10:34:01,076 [INFO] Health check endpoint queried
2026-05-23 10:34:01,108 [INFO] Metrics endpoint queried
2026-05-23 10:34:01,136 [INFO] Containers status endpoint queried
2026-05-23 10:34:01,466 [INFO] Deployment info endpoint queried
2026-05-23 10:34:01,493 [INFO] Logs endpoint queried
2026-05-23 10:34:06,071 [INFO] Health check endpoint queried
2026-05-23 10:34:06,098 [INFO] Metrics endpoint queried
2026-05-23 10:34:06,197 [INFO] Containers status endpoint queried
2026-05-23 10:34:06,604 [INFO] Deployment info endpoint queried
2026-05-23 10:34:06,684 [INFO] Logs endpoint queried
2026-05-23 10:34:11,071 [INFO] Health check endpoint queried
2026-05-23 10:34:11,149 [INFO] Metrics endpoint queried
2026-05-23 10:34:11,214 [INFO] Containers status endpoint queried
2026-05-23 10:34:11,494 [INFO] Deployment info endpoint queried
2026-05-23 10:34:11,558 [INFO] Logs endpoint queried
2026-05-23 10:34:16,088 [INFO] Health check endpoint queried
2026-05-23 10:34:16,117 [INFO] Metrics endpoint queried
2026-05-23 10:34:16,149 [INFO] Containers status endpoint queried
2026-05-23 10:34:16,419 [INFO] Deployment info endpoint queried
2026-05-23 10:34:16,506 [INFO] Logs endpoint queried
2026-05-23 10:34:21,075 [INFO] Health check endpoint queried
2026-05-23 10:34:21,105 [INFO] Metrics endpoint queried
2026-05-23 10:34:21,134 [INFO] Containers status endpoint queried
2026-05-23 10:34:21,449 [INFO] Deployment info endpoint queried
2026-05-23 10:34:21,480 [INFO] Logs endpoint queried
2026-05-23 10:34:26,071 [INFO] Health check endpoint queried
2026-05-23 10:34:26,096 [INFO] Metrics endpoint queried
2026-05-23 10:34:26,121 [INFO] Containers status endpoint queried
2026-05-23 10:34:26,385 [INFO] Deployment info endpoint queried
2026-05-23 10:34:26,412 [INFO] Logs endpoint queried
2026-05-23 10:34:31,071 [INFO] Health check endpoint queried
2026-05-23 10:34:31,145 [INFO] Metrics endpoint queried
2026-05-23 10:34:31,176 [INFO] Containers status endpoint queried
2026-05-23 10:34:31,460 [INFO] Deployment info endpoint queried
2026-05-23 10:34:31,488 [INFO] Logs endpoint queried
2026-05-23 10:34:36,078 [INFO] Health check endpoint queried
2026-05-23 10:34:36,128 [INFO] Metrics endpoint queried
2026-05-23 10:34:36,193 [INFO] Containers status endpoint queried
2026-05-23 10:34:36,458 [INFO] Deployment info endpoint queried
2026-05-23 10:34:36,483 [INFO] Logs endpoint queried
2026-05-23 10:34:41,070 [INFO] Health check endpoint queried
2026-05-23 10:34:41,095 [INFO] Metrics endpoint queried
2026-05-23 10:34:41,123 [INFO] Containers status endpoint queried
2026-05-23 10:34:41,442 [INFO] Deployment info endpoint queried
2026-05-23 10:34:41,518 [INFO] Logs endpoint queried
2026-05-23 10:34:46,079 [INFO] Health check endpoint queried
2026-05-23 10:34:46,212 [INFO] Metrics endpoint queried
2026-05-23 10:34:46,241 [INFO] Containers status endpoint queried
2026-05-23 10:34:46,504 [INFO] Deployment info endpoint queried
2026-05-23 10:34:46,557 [INFO] Logs endpoint queried
2026-05-23 10:34:51,077 [INFO] Health check endpoint queried
2026-05-23 10:34:51,105 [INFO] Metrics endpoint queried
2026-05-23 10:34:51,140 [INFO] Containers status endpoint queried
2026-05-23 10:34:51,497 [INFO] Deployment info endpoint queried
2026-05-23 10:34:51,525 [INFO] Logs endpoint queried
2026-05-23 10:34:56,070 [INFO] Health check endpoint queried
2026-05-23 10:34:56,146 [INFO] Metrics endpoint queried
2026-05-23 10:34:56,172 [INFO] Containers status endpoint queried
2026-05-23 10:34:56,532 [INFO] Deployment info endpoint queried
2026-05-23 10:34:56,558 [INFO] Logs endpoint queried
2026-05-23 10:35:01,080 [INFO] Health check endpoint queried
2026-05-23 10:35:01,107 [INFO] Metrics endpoint queried
2026-05-23 10:35:01,140 [INFO] Containers status endpoint queried
2026-05-23 10:35:01,475 [INFO] Deployment info endpoint queried
2026-05-23 10:35:01,540 [INFO] Logs endpoint queried
2026-05-23 10:35:06,079 [INFO] Health check endpoint queried
2026-05-23 10:35:06,109 [INFO] Metrics endpoint queried
2026-05-23 10:35:06,168 [INFO] Containers status endpoint queried
2026-05-23 10:35:06,423 [INFO] Deployment info endpoint queried
2026-05-23 10:35:06,501 [INFO] Logs endpoint queried
2026-05-23 10:35:11,077 [INFO] Health check endpoint queried
2026-05-23 10:35:11,140 [INFO] Metrics endpoint queried
2026-05-23 10:35:11,219 [INFO] Containers status endpoint queried
2026-05-23 10:35:11,554 [INFO] Deployment info endpoint queried
2026-05-23 10:35:11,715 [INFO] Logs endpoint queried
2026-05-23 10:35:16,079 [INFO] Health check endpoint queried
2026-05-23 10:35:16,109 [INFO] Metrics endpoint queried
2026-05-23 10:35:16,136 [INFO] Containers status endpoint queried
2026-05-23 10:35:16,387 [INFO] Deployment info endpoint queried
2026-05-23 10:35:16,412 [INFO] Logs endpoint queried
2026-05-23 10:35:21,079 [INFO] Health check endpoint queried
2026-05-23 10:35:21,144 [INFO] Metrics endpoint queried
2026-05-23 10:35:21,173 [INFO] Containers status endpoint queried
2026-05-23 10:35:21,477 [INFO] Deployment info endpoint queried
2026-05-23 10:35:21,559 [INFO] Logs endpoint queried
2026-05-23 10:35:26,069 [INFO] Health check endpoint queried
2026-05-23 10:35:26,118 [INFO] Metrics endpoint queried
2026-05-23 10:35:26,144 [INFO] Containers status endpoint queried
2026-05-23 10:35:26,418 [INFO] Deployment info endpoint queried
2026-05-23 10:35:26,444 [INFO] Logs endpoint queried
2026-05-23 10:35:31,079 [INFO] Health check endpoint queried
2026-05-23 10:35:31,107 [INFO] Metrics endpoint queried
2026-05-23 10:35:31,133 [INFO] Containers status endpoint queried
2026-05-23 10:35:31,392 [INFO] Deployment info endpoint queried
2026-05-23 10:35:31,417 [INFO] Logs endpoint queried
2026-05-23 10:35:36,079 [INFO] Health check endpoint queried
2026-05-23 10:35:36,138 [INFO] Metrics endpoint queried
2026-05-23 10:35:36,217 [INFO] Containers status endpoint queried
2026-05-23 10:35:36,461 [INFO] Deployment info endpoint queried
2026-05-23 10:35:36,550 [INFO] Logs endpoint queried
2026-05-23 10:35:41,075 [INFO] Health check endpoint queried
2026-05-23 10:35:41,153 [INFO] Metrics endpoint queried
2026-05-23 10:35:41,179 [INFO] Containers status endpoint queried
2026-05-23 10:35:41,480 [INFO] Deployment info endpoint queried
2026-05-23 10:35:41,511 [INFO] Logs endpoint queried
2026-05-23 10:35:46,079 [INFO] Health check endpoint queried
2026-05-23 10:35:46,179 [INFO] Metrics endpoint queried
2026-05-23 10:35:46,231 [INFO] Containers status endpoint queried
2026-05-23 10:35:46,514 [INFO] Deployment info endpoint queried
2026-05-23 10:35:46,540 [INFO] Logs endpoint queried
2026-05-23 10:36:06,082 [INFO] Health check endpoint queried
2026-05-23 10:36:06,107 [INFO] Metrics endpoint queried
2026-05-23 10:36:06,153 [INFO] Containers status endpoint queried
2026-05-23 10:36:06,410 [INFO] Deployment info endpoint queried
2026-05-23 10:36:06,477 [INFO] Logs endpoint queried
